// Jest Snapshot v1, https://goo.gl/fbAQLP

exports[`snapshot 1`] = `
<button
  className="flex items-center justify-center p-2 md:px-4 shadow-md shadow-red-300 dark:shadow-red-900 text-white bg-red-500 transition-all duration-500 rounded focus:shadow hover:bg-red-600 hover:shadow-lg hover:shadow-red-200 outline-none focus:outline-none"
  data-testid="delete-selected-btn"
  id="first"
  onClick={[Function]}
  title="Delete selected"
  type="button"
>
  <svg
    fill="currentColor"
    height="1em"
    stroke="currentColor"
    strokeWidth="0"
    style={
      Object {
        "color": undefined,
      }
    }
    viewBox="0 0 448 512"
    width="1em"
    xmlns="http://www.w3.org/2000/svg"
  >
    <path
      d="M432 32H312l-9.4-18.7A24 24 0 0 0 281.1 0H166.8a23.72 23.72 0 0 0-21.4 13.3L136 32H16A16 16 0 0 0 0 48v32a16 16 0 0 0 16 16h416a16 16 0 0 0 16-16V48a16 16 0 0 0-16-16zM53.2 467a48 48 0 0 0 47.9 45h245.8a48 48 0 0 0 47.9-45L416 128H32z"
    />
  </svg>
  <span
    className="ml-1 md:ml-2 text-xs md:text-base text-left"
  >
    Delete Selected
  </span>
</button>
`;
